  HOSTCC  scripts/basic/fixdep
  HOSTCC  scripts/kconfig/conf.o
  HOSTCC  scripts/kconfig/confdata.o
  HOSTCC  scripts/kconfig/expr.o
  LEX     scripts/kconfig/lexer.lex.c
  YACC    scripts/kconfig/parser.tab.[ch]
  HOSTCC  scripts/kconfig/lexer.lex.o
  HOSTCC  scripts/kconfig/menu.o
  HOSTCC  scripts/kconfig/parser.tab.o
  HOSTCC  scripts/kconfig/preprocess.o
  HOSTCC  scripts/kconfig/symbol.o
  HOSTCC  scripts/kconfig/util.o
  HOSTLD  scripts/kconfig/conf
using config: '.config'
razerkbd config not found!!
razermouse config not found!!
vendor_reset config not found!!
razerkraken config not found!!
*
* Restart config...
*
*
* Scheduler features
*
Enable utilization clamping for RT/FAIR tasks (UCLAMP_TASK) [Y/n/?] y
  Number of supported utilization clamp buckets (UCLAMP_BUCKETS_COUNT) [5] 5
Proxy Execution (SCHED_PROXY_EXEC) [N/y/?] (NEW) 
*
* Binary Emulations
*
IA32 Emulation (IA32_EMULATION) [Y/n/?] y
  IA32 emulation disabled by default (IA32_EMULATION_DEFAULT_DISABLED) [N/y/?] n
x32 ABI for 64-bit mode (X86_X32_ABI) [N/y/?] (NEW) 
*
* GCC plugins
*
GCC plugins (GCC_PLUGINS) [Y/n/?] (NEW) 
  Generate some entropy during boot and runtime (GCC_PLUGIN_LATENT_ENTROPY) [N/y/?] (NEW) 
*
* PCI GPIO expanders
*
AMD 8111 GPIO driver (GPIO_AMD8111) [N/m/y/?] n
BT8XX GPIO abuser (GPIO_BT8XX) [N/m/y/?] (NEW) 
OKI SEMICONDUCTOR ML7213 IOH GPIO support (GPIO_ML_IOH) [N/m/y/?] n
ACCES PCI-IDIO-16 GPIO support (GPIO_PCI_IDIO_16) [N/m/y/?] n
ACCES PCIe-IDIO-24 GPIO support (GPIO_PCIE_IDIO_24) [N/m/y/?] n
RDC R-321x GPIO support (GPIO_RDC321X) [N/m/y/?] n
Intel Sodaville GPIO support (GPIO_SODAVILLE) [N/y/?] n
*
* Voltage and Current Regulator Support
*
Voltage and Current Regulator Support (REGULATOR) [Y/n/?] y
  Regulator debug support (REGULATOR_DEBUG) [N/y/?] n
  Fixed voltage regulator support (REGULATOR_FIXED_VOLTAGE) [N/m/y/?] n
  Virtual regulator consumer support (REGULATOR_VIRTUAL_CONSUMER) [N/m/y/?] n
  Userspace regulator consumer support (REGULATOR_USERSPACE_CONSUMER) [N/m/y/?] n
  Enable support for receiving regulator events via netlink (REGULATOR_NETLINK_EVENTS) [Y/n/?] y
  Marvell 88PG86X voltage regulators (REGULATOR_88PG86X) [N/m/y/?] n
  Marvell 88PM8607 Power regulators (REGULATOR_88PM8607) [N/m/y/?] n
  Active-semi act8865 voltage regulator (REGULATOR_ACT8865) [N/m/y/?] n
  Analog Devices AD5398/AD5821 regulators (REGULATOR_AD5398) [N/m/y/?] n
  Analog Devices ADP5055 Triple Buck Regulator (REGULATOR_ADP5055) [N/m/y/?] n
  AnalogicTech AAT2870 Regulators (REGULATOR_AAT2870) [N/m/y/?] n
  AS3711 PMIC (REGULATOR_AS3711) [N/m/y/?] n
  Awinic AW37503 Dual Output Power regulators (REGULATOR_AW37503) [N/m/y/?] n
  Dialog Semiconductor DA9030/DA9034 regulators (REGULATOR_DA903X) [N/m/y/?] (NEW) 
  Dialog Semiconductor DA9052/DA9053 regulators (REGULATOR_DA9052) [N/m/y/?] n
  Dialog Semiconductor DA9055 regulators (REGULATOR_DA9055) [N/m/y/?] n
  Dialog Semiconductor DA9121/DA9122/DA9220/DA9217/DA9130/DA9131/DA9132 regulator (REGULATOR_DA9121) [N/m/y/?] n
  Dialog Semiconductor DA9210 regulator (REGULATOR_DA9210) [N/m/y/?] n
  Dialog Semiconductor DA9211/DA9212/DA9213/DA9223/DA9214/DA9224/DA9215/DA9225 regulator (REGULATOR_DA9211) [N/m/y/?] n
  Fairchild FAN53555 Regulator (REGULATOR_FAN53555) [N/m/y/?] n
  Fairchild FAN53880 Regulator (REGULATOR_FAN53880) [N/m/y/?] n
  GPIO regulator support (REGULATOR_GPIO) [N/m/y/?] n
  Intersil ISL9305 regulator (REGULATOR_ISL9305) [N/m/y/?] n
  Intersil ISL6271A Power regulator (REGULATOR_ISL6271A) [N/m/y/?] n
  National Semiconductors LP3971 PMIC regulator driver (REGULATOR_LP3971) [N/m/y/?] n
  National Semiconductors LP3972 PMIC regulator driver (REGULATOR_LP3972) [N/m/y/?] n
  TI/National Semiconductor LP8720/LP8725 voltage regulators (REGULATOR_LP872X) [N/m/y/?] n
  TI LP8755 High Performance PMU driver (REGULATOR_LP8755) [N/m/y/?] n
  TI LP8788 Power Regulators (REGULATOR_LP8788) [N/m/y/?] n
  LTC3589 8-output voltage regulator (REGULATOR_LTC3589) [N/m/y/?] n
  LTC3676 8-output voltage regulator (REGULATOR_LTC3676) [N/m/y/?] n
  Maxim 1586/1587 voltage regulator (REGULATOR_MAX1586) [N/m/y/?] n
  Analog Devices MAX77503 Regulator (REGULATOR_MAX77503) [N/m/y/?] n
  ADI MAX77857/MAX77831 regulator support (REGULATOR_MAX77857) [N/m/y/?] n
  Maxim 8649 voltage regulator (REGULATOR_MAX8649) [N/m/y/?] n
  Maxim 8660/8661 voltage regulator (REGULATOR_MAX8660) [N/m/y/?] n
  Maxim 8893 voltage regulator (REGULATOR_MAX8893) [N/m/y/?] n
  Maxim MAX8925 Power Management IC (REGULATOR_MAX8925) [N/m/y/?] n
  Maxim MAX8952 Power Management IC (REGULATOR_MAX8952) [N/m/y/?] n
  Maxim MAX8973A voltage regulator (REGULATOR_MAX8973) [N/m/y/?] n
  Maxim 8997/8966 regulator (REGULATOR_MAX8997) [N/m/y/?] n
  Maxim 8998 voltage regulator (REGULATOR_MAX8998) [N/m/y/?] n
  Maxim MAX20086-MAX20089 Camera Power Protectors (REGULATOR_MAX20086) [N/m/y/?] n
  Maxim MAX20411 High-Efficiency Single Step-Down Converter (REGULATOR_MAX20411) [N/m/y/?] n
  Maxim 77693/77843 regulator (REGULATOR_MAX77693) [N/m/y/?] n
  Maxim 77826 regulator (REGULATOR_MAX77826) [N/m/y/?] n
  Maxim 77838 regulator (REGULATOR_MAX77838) [N/m/y/?] n
  Microchip MCP16502 PMIC (REGULATOR_MCP16502) [N/m/y/?] n
  Monolithic MP5416 PMIC (REGULATOR_MP5416) [N/m/y/?] n
  MPS MP8859 regulator driver (REGULATOR_MP8859) [N/m/y/?] n
  MPS MP8869 regulator driver (REGULATOR_MP886X) [N/m/y/?] n
  Monolithic MPQ7920 PMIC (REGULATOR_MPQ7920) [N/m/y/?] n
  MediaTek MT6311 PMIC (REGULATOR_MT6311) [N/m/y/?] n
  NXP PCA9450A/PCA9450B/PCA9450C regulator driver (REGULATOR_PCA9450) [N/m/y/?] n
  NXP PF9453 regulator driver (REGULATOR_PF9453) [N/m/y/?] n
  Motorola PCAP2 regulator driver (REGULATOR_PCAP) [N/m/y/?] n
  NXP PF0900/PF0901/PF09XX regulator driver (REGULATOR_PF0900) [N/m/y/?] n
  NXP PF5300/PF5301/PF5302 regulator driver (REGULATOR_PF530X) [N/m/y/?] n
  NXP PF8100/PF8121A/PF8200 regulator driver (REGULATOR_PF8X00) [N/m/y/?] n
  Freescale PFUZE100/200/3000/3001 regulator driver (REGULATOR_PFUZE100) [N/m/y/?] n
  Powerventure Semiconductor PV88060 regulator (REGULATOR_PV88060) [N/m/y/?] n
  Powerventure Semiconductor PV88080 regulator (REGULATOR_PV88080) [N/m/y/?] n
  Powerventure Semiconductor PV88090 regulator (REGULATOR_PV88090) [N/m/y/?] n
  PWM voltage regulator (REGULATOR_PWM) [N/m/y/?] n
  Renesas RAA215300 driver (REGULATOR_RAA215300) [N/m/y/?] n
  Raspberry Pi 7-inch touchscreen panel ATTINY regulator (REGULATOR_RASPBERRYPI_TOUCHSCREEN_ATTINY) [N/m/y/?] n
  Raspberry Pi 7-inch touchscreen panel V2 regulator (REGULATOR_RASPBERRYPI_TOUCHSCREEN_V2) [N/m/y/?] n
  RICOH RC5T583 Power regulators (REGULATOR_RC5T583) [N/m/y/?] n
  Richtek RT4801 Regulators (REGULATOR_RT4801) [N/m/y/?] n
  Richtek RT4803 boost regulator (REGULATOR_RT4803) [N/m/y/?] n
  Richtek RT5133 PMIC Regulators (REGULATOR_RT5133) [N/m/y/?] n
  Richtek RT5190A PMIC (REGULATOR_RT5190A) [N/m/y/?] n
  Richtek RT5739 Regulator (REGULATOR_RT5739) [N/m/y/?] n
  Richtek RT5759 Regulator (REGULATOR_RT5759) [N/m/y/?] n
  Richtek RT6160 BuckBoost voltage regulator (REGULATOR_RT6160) [N/m/y/?] n
  Richtek RT6190 4-Switch BuckBoost controller (REGULATOR_RT6190) [N/m/y/?] n
  Richtek RT6245 voltage regulator (REGULATOR_RT6245) [N/m/y/?] n
  Richtek RTQ2134 SubPMIC Regulator (REGULATOR_RTQ2134) [N/m/y/?] n
  Richtek RTMV20 Laser Diode Regulator (REGULATOR_RTMV20) [N/m/y/?] n
  Richtek RTQ6752 TFT LCD voltage regulator (REGULATOR_RTQ6752) [N/m/y/?] n
  Richtek RTQ2208 SubPMIC Regulator (REGULATOR_RTQ2208) [N/m/y/?] n
  Dialog Semiconductor SLG51000 regulators (REGULATOR_SLG51000) [N/m/y/?] n
  Silergy SY8106A regulator (REGULATOR_SY8106A) [N/m/y/?] n
  Silergy SY8824C/SY8824E regulator (REGULATOR_SY8824X) [N/m/y/?] n
  Silergy SY8827N regulator (REGULATOR_SY8827N) [N/m/y/?] n
  TI TPS51632 Power Regulator (REGULATOR_TPS51632) [N/m/y/?] n
  TI TPS6236x Power Regulator (REGULATOR_TPS62360) [N/m/y/?] n
  TI TPS6286x Power Regulator (REGULATOR_TPS6286X) [N/m/y/?] n
  TI TPS6287x Power Regulator (REGULATOR_TPS6287X) [N/m/y/?] n
  TI TPS65023 Power regulators (REGULATOR_TPS65023) [N/m/y/?] n
  TI TPS6507X Power regulators (REGULATOR_TPS6507X) [N/m/y/?] n
  TI TPS65090 Power regulator (REGULATOR_TPS65090) [N/m/y/?] n
  TI TPS65132 Dual Output Power regulators (REGULATOR_TPS65132) [N/m/y/?] n
  TI TPS6524X Power regulators (REGULATOR_TPS6524X) [N/m/y/?] n
  TI TPS6586X Power regulators (REGULATOR_TPS6586X) [N/m/y/?] n
  TI TPS65910/TPS65911 Power Regulators (REGULATOR_TPS65910) [N/m/y/?] n
  TI TWL4030/TWL5030/TWL6030/TPS659x0 PMIC (REGULATOR_TWL4030) [N/m/y/?] n
  Voltage controlled regulators (REGULATOR_VCTRL) [N/m/y/?] n
  Wolfson Microelectronics WM831x PMIC regulators (REGULATOR_WM831X) [N/m/y/?] n
  Wolfson Microelectronics WM8350 AudioPlus PMIC (REGULATOR_WM8350) [N/m/y/?] n
  Wolfson Microelectronics WM8400 AudioPlus PMIC (REGULATOR_WM8400) [N/m/y/?] n
*
* Video encoders
*
Analog Devices ADV7170 video encoder (VIDEO_ADV7170) [N/m/?] n
Analog Devices ADV7175 video encoder (VIDEO_ADV7175) [N/m/?] n
ADV7343 video encoder (VIDEO_ADV7343) [N/m/?] n
ADV7393 video encoder (VIDEO_ADV7393) [N/m/?] n
Analog Devices ADV7511 encoder (VIDEO_ADV7511) [N/m/?] (NEW) 
AK8813/AK8814 video encoders (VIDEO_AK881X) [N/m/?] n
Philips SAA7127/9 digital video encoders (VIDEO_SAA7127) [N/m/?] n
Philips SAA7185 video encoder (VIDEO_SAA7185) [N/m/?] n
Texas Instruments THS8200 video encoder (VIDEO_THS8200) [N/m/?] n
*
* PCI sound devices
*
PCI sound devices (SND_PCI) [Y/n/?] y
  Analog Devices AD1889 (SND_AD1889) [N/m/?] n
  Avance Logic ALS300/ALS300+ (SND_ALS300) [N/m/?] n
  Avance Logic ALS4000 (SND_ALS4000) [N/m/?] n
  ALi M5451 PCI Audio Controller (SND_ALI5451) [N/m/?] n
  AudioScience ASIxxxx (SND_ASIHPI) [N/m/?] n
  ATI IXP AC97 Controller (SND_ATIIXP) [N/m/?] n
  ATI IXP Modem (SND_ATIIXP_MODEM) [N/m/?] n
  Aureal Advantage (SND_AU8810) [N/m/?] n
  Aureal Vortex (SND_AU8820) [N/m/?] n
  Aureal Vortex 2 (SND_AU8830) [N/m/?] n
  Emagic Audiowerk 2 (SND_AW2) [N/m/?] n
  Aztech AZF3328 / PCI168 (SND_AZT3328) [N/m/?] n
  Bt87x Audio Capture (SND_BT87X) [N/m/?] n
  SB Audigy LS / Live 24bit (SND_CA0106) [N/m/?] n
  C-Media 8338, 8738, 8768, 8770 (SND_CMIPCI) [N/m/?] n
  C-Media 8786, 8787, 8788 (Oxygen) (SND_OXYGEN) [N/m/?] n
  Cirrus Logic (Sound Fusion) CS4281 (SND_CS4281) [N/m/?] n
  Cirrus Logic (Sound Fusion) CS4280/CS461x/CS462x/CS463x (SND_CS46XX) [N/m/?] n
  Creative Sound Blaster X-Fi (SND_CTXFI) [N/m/?] n
  (Echoaudio) Darla20 (SND_DARLA20) [N/m/?] n
  (Echoaudio) Gina20 (SND_GINA20) [N/m/?] n
  (Echoaudio) Layla20 (SND_LAYLA20) [N/m/?] n
  (Echoaudio) Darla24 (SND_DARLA24) [N/m/?] n
  (Echoaudio) Gina24 (SND_GINA24) [N/m/?] n
  (Echoaudio) Layla24 (SND_LAYLA24) [N/m/?] n
  (Echoaudio) Mona (SND_MONA) [N/m/?] n
  (Echoaudio) Mia (SND_MIA) [N/m/?] n
  (Echoaudio) 3G cards (SND_ECHO3G) [N/m/?] n
  (Echoaudio) Indigo (SND_INDIGO) [N/m/?] n
  (Echoaudio) Indigo IO (SND_INDIGOIO) [N/m/?] n
  (Echoaudio) Indigo DJ (SND_INDIGODJ) [N/m/?] n
  (Echoaudio) Indigo IOx (SND_INDIGOIOX) [N/m/?] n
  (Echoaudio) Indigo DJx (SND_INDIGODJX) [N/m/?] n
  Emu10k1 (SB Live!, Audigy, E-MU APS/0404/1010/1212/1616/1820) (SND_EMU10K1) [N/m/?] n
  Emu10k1X (Dell OEM Version) (SND_EMU10K1X) [N/m/?] n
  (Creative) Ensoniq AudioPCI 1370 (SND_ENS1370) [N/m/?] n
  (Creative) Ensoniq AudioPCI 1371/1373 (SND_ENS1371) [N/m/?] n
  ESS ES1938/1946/1969 (Solo-1) (SND_ES1938) [N/m/?] n
  ESS ES1968/1978 (Maestro-1/2/2E) (SND_ES1968) [N/m/?] n
  ForteMedia FM801 (SND_FM801) [N/m/?] n
  RME Hammerfall DSP Audio (SND_HDSP) [N/m/?] n
  RME Hammerfall DSP MADI/RayDAT/AIO (SND_HDSPM) [N/m/?] n
  ICEnsemble ICE1712 (Envy24) (SND_ICE1712) [N/m/?] n
  ICE/VT1724/1720 (Envy24HT/PT) (SND_ICE1724) [N/m/?] n
  Intel/SiS/nVidia/AMD/ALi AC97 Controller (SND_INTEL8X0) [N/m/?] n
  Intel/SiS/nVidia/AMD MC97 Modem (SND_INTEL8X0M) [N/m/?] n
  Korg 1212 IO (SND_KORG1212) [N/m/?] n
  Digigram Lola (SND_LOLA) [N/m/?] n
  Digigram LX6464ES (SND_LX6464ES) [N/m/?] n
  ESS Allegro/Maestro3 (SND_MAESTRO3) [N/m/?] n
  Digigram miXart (SND_MIXART) [N/m/?] n
  NeoMagic NM256AV/ZX (SND_NM256) [N/m/?] n
  Digigram PCXHR (SND_PCXHR) [N/m/?] n
  Conexant Riptide (SND_RIPTIDE) [N/m/?] n
  RME Digi32, 32/8, 32 PRO (SND_RME32) [N/m/?] n
  RME Digi96, 96/8, 96/8 PRO (SND_RME96) [N/m/?] n
  RME Digi9652 (Hammerfall) (SND_RME9652) [N/m/?] n
  Studio Evolution SE6X (SND_SE6X) [N/m/?] (NEW) 
  S3 SonicVibes (SND_SONICVIBES) [N/m/?] n
  Trident 4D-Wave DX/NX; SiS 7018 (SND_TRIDENT) [N/m/?] n
  VIA 82C686A/B, 8233/8235 AC97 Controller (SND_VIA82XX) [N/m/?] n
  VIA 82C686A/B, 8233 based Modems (SND_VIA82XX_MODEM) [N/m/?] n
  Asus Virtuoso 66/100/200 (Xonar) (SND_VIRTUOSO) [N/m/?] n
  Digigram VX222 (SND_VX222) [N/m/?] n
  Yamaha YMF724/740/744/754 (SND_YMFPCI) [N/m/?] n
*
* Kernel hardening options
*
Randomize layout of sensitive kernel structures
> 1. Disable structure layout randomization (RANDSTRUCT_NONE)
  2. Fully randomize structure layout (RANDSTRUCT_FULL)
  3. Limit randomization of structure layout to cache-lines (RANDSTRUCT_PERFORMANCE) (NEW)
choice[1-3?]: 
*
* Compile-time checks and compiler options
*
Debug information
  1. Disable debug information (DEBUG_INFO_NONE)
> 2. Rely on the toolchain's implicit default DWARF version (DEBUG_INFO_DWARF_TOOLCHAIN_DEFAULT)
  3. Generate DWARF Version 4 debuginfo (DEBUG_INFO_DWARF4)
  4. Generate DWARF Version 5 debuginfo (DEBUG_INFO_DWARF5)
choice[1-4?]: 2
Reduce debugging information (DEBUG_INFO_REDUCED) [N/y/?] n
Compressed Debug information
> 1. Don't compress debug information (DEBUG_INFO_COMPRESSED_NONE)
  2. Compress debugging information with zlib (DEBUG_INFO_COMPRESSED_ZLIB)
choice[1-2?]: 1
Produce split debuginfo in .dwo files (DEBUG_INFO_SPLIT) [N/y/?] n
Provide GDB scripts for kernel debugging (GDB_SCRIPTS) [Y/n/?] y
Warn for stack frames larger than (FRAME_WARN) [2048] 2048
Strip assembler-generated symbols during link (STRIP_ASM_SYMS) [Y/n/?] y
Generate readable assembler code (READABLE_ASM) [N/y/?] (NEW) 
Install uapi headers to usr/include (HEADERS_INSTALL) [N/y/?] n
Enable full Section mismatch analysis (DEBUG_SECTION_MISMATCH) [N/y/?] (NEW) 
Make section mismatch errors non-fatal (SECTION_MISMATCH_WARN_ONLY) [Y/n/?] y
Force all function address 64B aligned (DEBUG_FORCE_FUNCTION_ALIGN_64B) [N/y/?] n
Upgrade objtool warnings to errors (OBJTOOL_WERROR) [N/y/?] n
Generate vmlinux.map file when linking (VMLINUX_MAP) [N/y/?] n
Force weak per-cpu definitions (DEBUG_FORCE_WEAK_PER_CPU) [N/y/?] n
#
# configuration written to .config
#
